// Vitest Snapshot v1, https://vitest.dev/guide/snapshot.html

exports[`Position progress bars > renders red progress bar snapshot 1`] = `"<div><span>EXIT two_red (1/2)</span><div style="width: 60px; height: 8px; background: rgb(34, 34, 34);"><div style="width: 50%; height: 100%; background: rgb(255, 170, 0);"></div></div></div>"`;
